- "{\"path\":\"\\/System\\/Library\\/CoreServices\\/Finder.app\",\"id\":\"foo\",\"bundleIdentifier\":\"com.apple.Finder\",\"bundleName\":\"Finder\"}"
