- "{\"id\":\"foobar\",\"name\":\"\",\"keyboardShortcut\":{\"id\":\"foobar\",\"key\":\"A\"}}"
