- "{\"commands\":[{\"applicationCommand\":{\"application\":{\"name\":\"Finder\",\"bundleIdentifier\":\"com.apple.Finder\",\"url\":\"\\/System\\/Library\\/CoreServices\\/Finder.app\"}}}],\"combinations\":[{\"input\":\"⌃⌥A\"}],\"name\":\"Open\\/active Finder\"}"
