- "{\"application\":{\"name\":\"Finder\",\"bundleIdentifier\":\"com.apple.Finder\",\"url\":\"\\/System\\/Library\\/CoreServices\\/Finder.app\"}}"
