- "[{\"application\":{\"name\":\"Finder\",\"bundleIdentifier\":\"com.apple.Finder\",\"path\":\"\\/System\\/Library\\/CoreServices\\/Finder.app\"}},{\"days\":[0,1,2,3,4,5,6]}]"
