- "{\"name\":\"Global shortcuts\",\"rule\":{\"days\":[0,1,2,3,4,5,6],\"applications\":[{\"name\":\"Finder\",\"bundleIdentifier\":\"com.apple.Finder\",\"path\":\"\\/System\\/Library\\/CoreServices\\/Finder.app\"}]},\"workflows\":[{\"commands\":[{\"applicationCommand\":{\"application\":{\"name\":\"Finder\",\"bundleIdentifier\":\"com.apple.Finder\",\"path\":\"\\/System\\/Library\\/CoreServices\\/Finder.app\"}}}],\"combinations\":[{\"input\":\"⌃⌥A\"}],\"name\":\"Open\\/active Finder\"}]}"
