- "{\"path\":\"~\\/Desktop\\/new_real_final_draft_Copy_42.psd\",\"id\":\"foobar\",\"application\":{\"path\":\"\",\"id\":\"foobar\",\"bundleIdentifier\":\"\",\"bundleName\":\"\"},\"name\":\"\"}"
